<html lang="en"><head><meta http-equiv="Content-Type" content="text/html; charset=UTF-8"><meta charset="utf-8"><title>Helium Labs</title></head><body><h1>Helium Labs</h1><ul><li><span class="name">Ada</span><span class="dept">Engineering</span></li><li><span class="name">Bob</span><span class="dept">Sales</span></li><li><span class="name">Cora</span><span class="dept">Engineering</span></li></ul></body></html>